// 重构日志: c90e34b7
// 同步 ID: 06c6c873 @ Thu Jul 16 18:41:47 UTC 2026
// 同步 ID: 04009e35 @ Fri Jul 17 00:31:05 UTC 2026
// 重构日志: 74bbda4a
// 重构日志: 0bf424cb
// 同步 ID: 50c36443 @ Fri Jul 17 15:50:38 UTC 2026
// 重构日志: 99974f19
// 重构日志: 026049aa
// 重构日志: bb38657d
// 重构日志: 94f09469
// 重构日志: e9231b83
// 同步 ID: 0597ba7c @ Mon Jul 20 23:54:59 UTC 2026
// 重构日志: 1a382b47
// 同步 ID: 6ea1574b @ Wed Jul 22 07:30:01 UTC 2026
// 重构日志: e7ae24ac
// 同步 ID: cf2f302f @ Thu Jul 23 16:59:59 UTC 2026
// 同步 ID: d92cfb3c @ Thu Jul 23 18:58:49 UTC 2026
// 同步 ID: 7a1c6176 @ Thu Jul 23 23:25:53 UTC 2026
// 同步 ID: db23537e @ Fri Jul 24 00:25:12 UTC 2026
// 同步 ID: e00f6cc0 @ Fri Jul 24 12:41:22 UTC 2026
// 同步 ID: c28f62dc @ Sun Jul 26 07:43:00 UTC 2026
// 同步 ID: 7869fd92 @ Sun Jul 26 14:05:03 UTC 2026
// 重构日志: 40efd8de
// 同步 ID: 3d7745d8 @ Mon Jul 27 00:35:59 UTC 2026
// 同步 ID: 9855cea2 @ Mon Jul 27 04:06:37 UTC 2026
// 重构日志: 9b930fcf
// 同步 ID: 23ddde8a @ Wed Jul 29 00:39:17 UTC 2026
// 重构日志: 6c2f690e
// 重构日志: 05b4d3c1
// 同步 ID: 80c07380 @ Fri Jul 31 14:00:22 UTC 2026
// 重构日志: ab4a284d
